// Jest Snapshot v1, https://goo.gl/fbAQLP

exports[`Home snapshot should match snapshot 1`] = `
<div>
  <div
    class="container mx-auto py-5 px-4 md:px-8 lg:px-12 2xl:px-16 h-screen flex items-center"
  >
    <div
      class="flex flex-grow flex-col items-center w-full"
    >
      <h1
        class="mb-6 font-bold text-xl text-slate-800 dark:text-slate-300"
      >
        Select images to convert
      </h1>
      <div
        class="w-full max-w-md h-60 border-4 border-dashed border-slate-300 dark:border-slate-900 rounded-xl bg-slate-300/50 dark:bg-slate-900/50 flex flex-col justify-center items-center cursor-pointer"
        data-testid="drop-files-area"
      >
        <p
          class="text-slate-400 font-bold"
        >
          Drag & Drop your files here
        </p>
      </div>
    </div>
  </div>
</div>
`;
